TRACE:notmain:1414wrote output of ---1414--- which c will expect
